ets Jul 29 2019 12:21:46

rst:0x1 (POWERON_RESET),boot:0x13 (SPI_FAST_FLASH_BOOT)
configsip: 0, SPIWP:0xee
clk_drv:0x00,q_drv:0x00,d_drv:0x00,cs0_drv:0x00,hd_drv:0x00,wp_drv:0x00
mode:DIO, clock div:2
load:0x3fff0030,len:7116
ho 0 tail 12 room 4
load:0x40078000,len:15624
ho 0 tail 12 room 4
load:0x40080400,len:4
load:0x40080404,len:3876
entry 0x4008064c
[0;32mI (33) boot: ESP-IDF v5.1.5-dirty 2nd stage bootloader[0m
[0;32mI (33) boot: compile time Nov 21 2024 21:08:18[0m
[0;32mI (33) boot: Multicore bootloader[0m
[0;32mI (38) boot: chip revision: v3.1[0m
[0;32mI (42) boot.esp32: SPI Speed      : 40MHz[0m
[0;32mI (46) boot.esp32: SPI Mode       : DIO[0m
[0;32mI (51) boot.esp32: SPI Flash Size : 4MB[0m
[0;32mI (55) boot: Enabling RNG early entropy source...[0m
[0;32mI (61) boot: Partition Table:[0m
[0;32mI (64) boot: ## Label            Usage          Type ST Offset   Length[0m
[0;32mI (72) boot:  0 nvs              WiFi data        01 02 00009000 00006000[0m
[0;32mI (79) boot:  1 phy_init         RF data          01 01 0000f000 00001000[0m
[0;32mI (86) boot:  2 factory          factory app      00 00 00010000 00100000[0m
[0;32mI (94) boot: End of partition table[0m
[0;32mI (98) esp_image: segment 0: paddr=00010020 vaddr=3f400020 size=28800h (165888) map[0m
[0;32mI (167) esp_image: segment 1: paddr=00038828 vaddr=3ffb0000 size=03c98h ( 15512) load[0m
[0;32mI (173) esp_image: segment 2: paddr=0003c4c8 vaddr=40080000 size=03b50h ( 15184) load[0m
[0;32mI (179) esp_image: segment 3: paddr=00040020 vaddr=400d0020 size=a9188h (692616) map[0m
[0;32mI (431) esp_image: segment 4: paddr=000e91b0 vaddr=40083b50 size=1406ch ( 82028) load[0m
[0;32mI (477) boot: Loaded app from partition at offset 0x10000[0m
[0;32mI (477) boot: Disabling RNG early entropy source...[0m
[0;32mI (489) cpu_start: Multicore app[0m
[0;32mI (490) cpu_start: Pro cpu up.[0m
[0;32mI (490) cpu_start: Starting app cpu, entry point is 0x400814bc[0m
[0;32mI (0) cpu_start: App cpu up.[0m
[0;32mI (507) cpu_start: Pro cpu start user code[0m
[0;32mI (507) cpu_start: cpu freq: 160000000 Hz[0m
[0;32mI (507) cpu_start: Application information:[0m
[0;32mI (512) cpu_start: Project name:     datn[0m
[0;32mI (516) cpu_start: App version:      d3d9c82-dirty[0m
[0;32mI (522) cpu_start: Compile time:     Dec  6 2024 12:28:26[0m
[0;32mI (528) cpu_start: ELF file SHA256:  66eec0d30c0cd8cd...[0m
[0;32mI (534) cpu_start: ESP-IDF:          v5.1.5-dirty[0m
[0;32mI (539) cpu_start: Min chip rev:     v0.0[0m
[0;32mI (544) cpu_start: Max chip rev:     v3.99 [0m
[0;32mI (549) cpu_start: Chip rev:         v3.1[0m
[0;32mI (554) heap_init: Initializing. RAM available for dynamic allocation:[0m
[0;32mI (561) heap_init: At 3FFAE6E0 len 00001920 (6 KiB): DRAM[0m
[0;32mI (567) heap_init: At 3FFB8C30 len 000273D0 (156 KiB): DRAM[0m
[0;32mI (573) heap_init: At 3FFE0440 len 00003AE0 (14 KiB): D/IRAM[0m
[0;32mI (579) heap_init: At 3FFE4350 len 0001BCB0 (111 KiB): D/IRAM[0m
[0;32mI (586) heap_init: At 40097BBC len 00008444 (33 KiB): IRAM[0m
[0;32mI (594) spi_flash: detected chip: generic[0m
[0;32mI (597) spi_flash: flash io: dio[0m
[0;32mI (601) app_start: Starting scheduler on CPU0[0m
[0;32mI (606) app_start: Starting scheduler on CPU1[0m
[0;32mI (606) main_task: Started on CPU0[0m
[0;32mI (616) main_task: Calling app_main()[0m
[0;32mI (616) gpio: GPIO[12]| InputEn: 0| OutputEn: 1| OpenDrain: 0| Pullup: 0| Pulldown: 1| Intr:0 [0m
[0;32mI (626) gpio: GPIO[13]| InputEn: 0| OutputEn: 1| OpenDrain: 0| Pullup: 0| Pulldown: 1| Intr:0 [0m
[0;32mI (636) gpio: GPIO[14]| InputEn: 0| OutputEn: 1| OpenDrain: 0| Pullup: 0| Pulldown: 1| Intr:0 [0m
[0;32mI (646) gpio: GPIO[26]| InputEn: 0| OutputEn: 1| OpenDrain: 0| Pullup: 0| Pulldown: 1| Intr:0 [0m
[0;32mI (656) gpio: GPIO[33]| InputEn: 0| OutputEn: 1| OpenDrain: 0| Pullup: 0| Pulldown: 1| Intr:0 [0m
[0;32mI (666) gpio: GPIO[25]| InputEn: 1| OutputEn: 0| OpenDrain: 0| Pullup: 0| Pulldown: 1| Intr:0 [0m
[0;32mI (666) gpio: GPIO[27]| InputEn: 1| OutputEn: 0| OpenDrain: 0| Pullup: 0| Pulldown: 1| Intr:0 [0m
[0;32mI (676) gpio: GPIO[32]| InputEn: 1| OutputEn: 0| OpenDrain: 0| Pullup: 0| Pulldown: 1| Intr:0 [0m
[0;32mI (786) wifi:wifi driver task: 3ffc19c8, prio:23, stack:6656, core=0[0m
[0;32mI (796) wifi:wifi firmware version: bbd58fc31[0m
[0;32mI (796) wifi:wifi certification version: v7.0[0m
[0;32mI (796) wifi:config NVS flash: enabled[0m
[0;32mI (796) wifi:config nano formating: disabled[0m
[0;32mI (796) wifi:Init data frame dynamic rx buffer num: 32[0m
[0;32mI (806) wifi:Init static rx mgmt buffer num: 5[0m
[0;32mI (806) wifi:Init management short buffer num: 32[0m
[0;32mI (816) wifi:Init dynamic tx buffer num: 32[0m
[0;32mI (816) wifi:Init static rx buffer size: 1600[0m
[0;32mI (826) wifi:Init static rx buffer num: 10[0m
[0;32mI (826) wifi:Init dynamic rx buffer num: 32[0m
[0;32mI (826) wifi_init: rx ba win: 6[0m
[0;32mI (836) wifi_init: tcpip mbox: 32[0m
[0;32mI (836) wifi_init: udp mbox: 6[0m
[0;32mI (846) wifi_init: tcp mbox: 6[0m
[0;32mI (846) wifi_init: tcp tx win: 5760[0m
[0;32mI (846) wifi_init: tcp rx win: 5760[0m
[0;32mI (856) wifi_init: tcp mss: 1440[0m
[0;32mI (856) wifi_init: WiFi IRAM OP enabled[0m
[0;32mI (866) wifi_init: WiFi RX IRAM OP enabled[0m
[0;32mI (866) phy_init: phy_version 4840,02e0d70,Sep  2 2024,19:39:07[0m
[0;33mW (956) phy_init: saving new calibration data because of checksum failure, mode(0)[0m
[0;32mI (1026) wifi:mode : sta (cc:7b:5c:28:c2:a8)[0m
[0;32mI (1026) wifi:enable tsf[0m
[0;33mW (2026) wifi:Haven't to connect to a suitable AP now![0m
[0;32mI (2026) HTTP_CLIENT: Ch∆∞a k·∫øt n·ªëi Wi-Fi, ƒëang ch·ªù...[0m
[0;32mI (2036) wifi:new:<1,0>, old:<1,0>, ap:<255,255>, sta:<1,0>, prof:1[0m
[0;32mI (2036) wifi:state: init -> auth (b0)[0m
[0;31mE (2036) esp-tls: couldn't get hostname for :broker.hivemq.com: getaddrinfo() returns 202, addrinfo=0x0[0m
[0;32mI (2036) wifi:[0;31mE (2046) transport_base: Failed to open a new connection: 32769[0m[0m
state: auth -> assoc (0)[0;31mE (2056) mqtt_client: Error transport connect[0m

[0;32mI (2066) wifi:state: assoc -> run (10)[0m
[0;31mE (3026) esp-tls: [sock=54] connect() error: Host is unreachable[0m
[0;31mE (3026) transport_base: Failed to open a new connection: 32772[0m
[0;31mE (3026) HTTP_CLIENT: Connection failed, sock < 0[0m
[0;31mE (8036) esp-tls: [sock=54] connect() error: Host is unreachable[0m
[0;31mE (8036) transport_base: Failed to open a new connection: 32772[0m
[0;31mE (8036) HTTP_CLIENT: Connection failed, sock < 0[0m
[0;32mI (11176) wifi:state: run -> init (fc0)[0m
[0;32mI (11186) wifi:new:<1,0>, old:<1,0>, ap:<255,255>, sta:<1,0>, prof:1[0m
[0;33mW (13046) wifi:Haven't to connect to a suitable AP now![0m
[0;32mI (13046) HTTP_CLIENT: Ch∆∞a k·∫øt n·ªëi Wi-Fi, ƒëang ch·ªù...[0m
[0;33mW (14046) wifi:Haven't to connect to a suitable AP now![0m
[0;32mI (14046) HTTP_CLIENT: Ch∆∞a k·∫øt n·ªëi Wi-Fi, ƒëang ch·ªù...[0m
[0;33mW (15046) wifi:Haven't to connect to a suitable AP now![0m
[0;32mI (15046) HTTP_CLIENT: Ch∆∞a k·∫øt n·ªëi Wi-Fi, ƒëang ch·ªù...[0m
[0;33mW (16046) wifi:Haven't to connect to a suitable AP now![0m
[0;32mI (16046) HTTP_CLIENT: Ch∆∞a k·∫øt n·ªëi Wi-Fi, ƒëang ch·ªù...[0m
[0;33mW (17046) wifi:Haven't to connect to a suitable AP now![0m
[0;32mI (17046) HTTP_CLIENT: Ch∆∞a k·∫øt n·ªëi Wi-Fi, ƒëang ch·ªù...[0m
[0;31mE (17056) esp-tls: couldn't get hostname for :broker.hivemq.com: getaddrinfo() returns 202, addrinfo=0x0[0m
[0;31mE (17056) transport_base: Failed to open a new connection: 32769[0m
[0;31mE (17056) mqtt_client: Error transport connect[0m
ets Jul 29 2019 12:21:46

rst:0x1 (POWERON_RESET),boot:0x13 (SPI_FAST_FLASH_BOOT)
configsip: 0, SPIWP:0xee
clk_drv:0x00,q_drv:0x00,d_drv:0x00,cs0_drv:0x00,hd_drv:0x00,wp_drv:0x00
mode:DIO, clock div:2
load:0x3fff0030,len:7116
ho 0 tail 12 room 4
load:0x40078000,len:15624
ho 0 tail 12 room 4
load:0x40080400,len:4
load:0x40080404,len:3876
entry 0x4008064c
[0;32mI (33) boot: ESP-IDF v5.1.5-dirty 2nd stage bootloader[0m
[0;32mI (33) boot: compile time Nov 21 2024 21:08:18[0m
[0;32mI (33) boot: Multicore bootloader[0m
[0;32mI (38) boot: chip revision: v3.1[0m
[0;32mI (42) boot.esp32: SPI Speed      : 40MHz[0m
[0;32mI (46) boot.esp32: SPI Mode       : DIO[0m
[0;32mI (51) boot.esp32: SPI Flash Size : 4MB[0m
[0;32mI (55) boot: Enabling RNG early entropy source...[0m
[0;32mI (61) boot: Partition Table:[0m
[0;32mI (64) boot: ## Label            Usage          Type ST Offset   Length[0m
[0;32mI (72) boot:  0 nvs              WiFi data        01 02 00009000 00006000[0m
[0;32mI (79) boot:  1 phy_init         RF data          01 01 0000f000 00001000[0m
[0;32mI (86) boot:  2 factory          factory app      00 00 00010000 00100000[0m
[0;32mI (94) boot: End of partition table[0m
[0;32mI (98) esp_image: segment 0: paddr=00010020 vaddr=3f400020 size=28800h (165888) map[0m
[0;32mI (167) esp_image: segment 1: paddr=00038828 vaddr=3ffb0000 size=03c98h ( 15512) load[0m
[0;32mI (173) esp_image: segment 2: paddr=0003c4c8 vaddr=40080000 size=03b50h ( 15184) load[0m
[0;32mI (179) esp_image: segment 3: paddr=00040020 vaddr=400d0020 size=a9188h (692616) map[0m
[0;32mI (431) esp_image: segment 4: paddr=000e91b0 vaddr=40083b50 size=1406ch ( 82028) load[0m
[0;32mI (477) boot: Loaded app from partition at offset 0x10000[0m
[0;32mI (477) boot: Disabling RNG early entropy source...[0m
[0;32mI (489) cpu_start: Multicore app[0m
[0;32mI (490) cpu_start: Pro cpu up.[0m
[0;32mI (490) cpu_start: Starting app cpu, entry point is 0x400814bc[0m
[0;32mI (0) cpu_start: App cpu up.[0m
[0;32mI (507) cpu_start: Pro cpu start user code[0m
[0;32mI (507) cpu_start: cpu freq: 160000000 Hz[0m
[0;32mI (507) cpu_start: Application information:[0m
[0;32mI (512) cpu_start: Project name:     datn[0m
[0;32mI (516) cpu_start: App version:      d3d9c82-dirty[0m
[0;32mI (522) cpu_start: Compile time:     Dec  6 2024 12:28:26[0m
[0;32mI (528) cpu_start: ELF file SHA256:  66eec0d30c0cd8cd...[0m
[0;32mI (534) cpu_start: ESP-IDF:          v5.1.5-dirty[0m
[0;32mI (539) cpu_start: Min chip rev:     v0.0[0m
[0;32mI (544) cpu_start: Max chip rev:     v3.99 [0m
[0;32mI (549) cpu_start: Chip rev:         v3.1[0m
[0;32mI (554) heap_init: Initializing. RAM available for dynamic allocation:[0m
[0;32mI (561) heap_init: At 3FFAE6E0 len 00001920 (6 KiB): DRAM[0m
[0;32mI (567) heap_init: At 3FFB8C30 len 000273D0 (156 KiB): DRAM[0m
[0;32mI (573) heap_init: At 3FFE0440 len 00003AE0 (14 KiB): D/IRAM[0m
[0;32mI (579) heap_init: At 3FFE4350 len 0001BCB0 (111 KiB): D/IRAM[0m
[0;32mI (586) heap_init: At 40097BBC len 00008444 (33 KiB): IRAM[0m
[0;32mI (594) spi_flash: detected chip: generic[0m
[0;32mI (597) spi_flash: flash io: dio[0m
[0;32mI (601) app_start: Starting scheduler on CPU0[0m
[0;32mI (606) app_start: Starting scheduler on CPU1[0m
[0;32mI (606) main_task: Started on CPU0[0m
[0;32mI (616) main_task: Calling app_main()[0m
[0;32mI (616) gpio: GPIO[12]| InputEn: 0| OutputEn: 1| OpenDrain: 0| Pullup: 0| Pulldown: 1| Intr:0 [0m
[0;32mI (626) gpio: GPIO[13]| InputEn: 0| OutputEn: 1| OpenDrain: 0| Pullup: 0| Pulldown: 1| Intr:0 [0m
[0;32mI (636) gpio: GPIO[14]| InputEn: 0| OutputEn: 1| OpenDrain: 0| Pullup: 0| Pulldown: 1| Intr:0 [0m
[0;32mI (646) gpio: GPIO[26]| InputEn: 0| OutputEn: 1| OpenDrain: 0| Pullup: 0| Pulldown: 1| Intr:0 [0m
[0;32mI (656) gpio: GPIO[33]| InputEn: 0| OutputEn: 1| OpenDrain: 0| Pullup: 0| Pulldown: 1| Intr:0 [0m
[0;32mI (666) gpio: GPIO[25]| InputEn: 1| OutputEn: 0| OpenDrain: 0| Pullup: 0| Pulldown: 1| Intr:0 [0m
[0;32mI (666) gpio: GPIO[27]| InputEn: 1| OutputEn: 0| OpenDrain: 0| Pullup: 0| Pulldown: 1| Intr:0 [0m
[0;32mI (676) gpio: GPIO[32]| InputEn: 1| OutputEn: 0| OpenDrain: 0| Pullup: 0| Pulldown: 1| Intr:0 [0m
[0;32mI (786) wifi:wifi driver task: 3ffc1a4c, prio:23, stack:6656, core=0[0m
[0;32mI (796) wifi:wifi firmware version: bbd58fc31[0m
[0;32mI (796) wifi:wifi certification version: v7.0[0m
[0;32mI (796) wifi:config NVS flash: enabled[0m
[0;32mI (796) wifi:config nano formating: disabled[0m
[0;32mI (796) wifi:Init data frame dynamic rx buffer num: 32[0m
[0;32mI (806) wifi:Init static rx mgmt buffer num: 5[0m
[0;32mI (806) wifi:Init management short buffer num: 32[0m
[0;32mI (816) wifi:Init dynamic tx buffer num: 32[0m
[0;32mI (816) wifi:Init static rx buffer size: 1600[0m
[0;32mI (826) wifi:Init static rx buffer num: 10[0m
[0;32mI (826) wifi:Init dynamic rx buffer num: 32[0m
[0;32mI (826) wifi_init: rx ba win: 6[0m
[0;32mI (836) wifi_init: tcpip mbox: 32[0m
[0;32mI (836) wifi_init: udp mbox: 6[0m
[0;32mI (846) wifi_init: tcp mbox: 6[0m
[0;32mI (846) wifi_init: tcp tx win: 5760[0m
[0;32mI (846) wifi_init: tcp rx win: 5760[0m
[0;32mI (856) wifi_init: tcp mss: 1440[0m
[0;32mI (856) wifi_init: WiFi IRAM OP enabled[0m
[0;32mI (866) wifi_init: WiFi RX IRAM OP enabled[0m
[0;32mI (866) phy_init: phy_version 4840,02e0d70,Sep  2 2024,19:39:07[0m
[0;33mW (956) phy_init: saving new calibration data because of checksum failure, mode(0)[0m
[0;32mI (976) wifi:mode : sta (cc:7b:5c:28:c2:a8)[0m
[0;32mI (976) wifi:enable tsf[0m
[0;33mW (1976) wifi:Haven't to connect to a suitable AP now![0m
[0;32mI (1976) HTTP_CLIENT: Ch∆∞a k·∫øt n·ªëi Wi-Fi, ƒëang ch·ªù...[0m
[0;32mI (1986) wifi:new:<1,0>, old:<1,0>, ap:<255,255>, sta:<1,0>, prof:1[0m
[0;32mI (1986) wifi:state: init -> auth (b0)[0m
[0;31mE (1986) esp-tls: couldn't get hostname for :broker.hivemq.com: getaddrinfo() returns 202, addrinfo=0x0[0m
[0;31mE (1996) transport_base: Failed to open a new connection: 32769[0m
[0;32mI (1996) wifi:[0;31mE (1996) mqtt_client: Error transport connect[0m[0m
state: auth -> assoc (0)
[0;32mI (2016) wifi:state: assoc -> run (10)[0m
[0;31mE (2976) esp-tls: [sock=54] connect() error: Host is unreachable[0m
[0;31mE (2976) transport_base: Failed to open a new connection: 32772[0m
[0;31mE (2976) HTTP_CLIENT: Connection failed, sock < 0[0m
[0;31mE (7986) esp-tls: [sock=54] connect() error: Host is unreachable[0m
[0;31mE (7986) transport_base: Failed to open a new connection: 32772[0m
[0;31mE (7986) HTTP_CLIENT: Connection failed, sock < 0[0m
[0;32mI (11116) wifi:state: run -> init (fc0)[0m
[0;32mI (11126) wifi:new:<1,0>, old:<1,0>, ap:<255,255>, sta:<1,0>, prof:1[0m
[0;33mW (12996) wifi:Haven't to connect to a suitable AP now![0m
[0;32mI (12996) HTTP_CLIENT: Ch∆∞a k·∫øt n·ªëi Wi-Fi, ƒëang ch·ªù...[0m
[0;33mW (13996) wifi:Haven't to connect to a suitable AP now![0m
[0;32mI (13996) HTTP_CLIENT: Ch∆∞a k·∫øt n·ªëi Wi-Fi, ƒëang ch·ªù...[0m
[0;33mW (14996) wifi:Haven't to connect to a suitable AP now![0m
[0;32mI (14996) HTTP_CLIENT: Ch∆∞a k·∫øt n·ªëi Wi-Fi, ƒëang ch·ªù...[0m
[0;33mW (15996) wifi:Haven't to connect to a suitable AP now![0m
[0;32mI (15996) HTTP_CLIENT: Ch∆∞a k·∫øt n·ªëi Wi-Fi, ƒëang ch·ªù...[0m
[0;33mW (16996) wifi:Haven't to connect to a suitable AP now![0m
[0;32mI (16996) HTTP_CLIENT: Ch∆∞a k·∫øt n·ªëi Wi-Fi, ƒëang ch·ªù...[0m
[0;31mE (17006) esp-tls: couldn't get hostname for :broker.hivemq.com: getaddrinfo() returns 202, addrinfo=0x0[0m
[0;31mE (17006) transport_base: Failed to open a new connection: 32769[0m
[0;31mE (17006) mqtt_client: Error transport connect[0m
[0;33mW (17996) wifi:Haven't to connect to a suitable AP now![0m
[0;32mI (17996) HTTP_CLIENT: Ch∆∞a k·∫øt n·ªëi Wi-Fi, ƒëang ch·ªù...[0m
[0;33mW (18996) wifi:Haven't to connect to a suitable AP now![0m
[0;32mI (18996) HTTP_CLIENT: Ch∆∞a k·∫øt n·ªëi Wi-Fi, ƒëang ch·ªù...[0m
[0;33mW (19996) wifi:Haven't to connect to a suitable AP now![0m
[0;32mI (19996) HTTP_CLIENT: Ch∆∞a k·∫øt n·ªëi Wi-Fi, ƒëang ch·ªù...[0m
ets Jul 29 2019 12:21:46

rst:0x1 (POWERON_RESET),boot:0x13 (SPI_FAST_FLASH_BOOT)
configsip: 0, SPIWP:0xee
clk_drv:0x00,q_drv:0x00,d_drv:0x00,cs0_drv:0x00,hd_drv:0x00,wp_drv:0x00
mode:DIO, clock div:2
load:0x3fff0030,len:7116
ho 0 tail 12 room 4
load:0x40078000,len:15624
ho 0 tail 12 room 4
load:0x40080400,len:4
load:0x40080404,len:3876
entry 0x4008064c
[0;32mI (33) boot: ESP-IDF v5.1.5-dirty 2nd stage bootloader[0m
[0;32mI (33) boot: compile time Nov 21 2024 21:08:18[0m
[0;32mI (33) boot: Multicore bootloader[0m
[0;32mI (38) boot: chip revision: v3.1[0m
[0;32mI (42) boot.esp32: SPI Speed      : 40MHz[0m
[0;32mI (46) boot.esp32: SPI Mode       : DIO[0m
[0;32mI (51) boot.esp32: SPI Flash Size : 4MB[0m
[0;32mI (55) boot: Enabling RNG early entropy source...[0m
[0;32mI (61) boot: Partition Table:[0m
[0;32mI (64) boot: ## Label            Usage          Type ST Offset   Length[0m
[0;32mI (72) boot:  0 nvs              WiFi data        01 02 00009000 00006000[0m
[0;32mI (79) boot:  1 phy_init         RF data          01 01 0000f000 00001000[0m
[0;32mI (86) boot:  2 factory          factory app      00 00 00010000 00100000[0m
[0;32mI (94) boot: End of partition table[0m
[0;32mI (98) esp_image: segment 0: paddr=00010020 vaddr=3f400020 size=28800h (165888) map[0m
[0;32mI (167) esp_image: segment 1: paddr=00038828 vaddr=3ffb0000 size=03c98h ( 15512) load[0m
[0;32mI (173) esp_image: segment 2: paddr=0003c4c8 vaddr=40080000 size=03b50h ( 15184) load[0m
[0;32mI (179) esp_image: segment 3: paddr=00040020 vaddr=400d0020 size=a9188h (692616) map[0m
[0;32mI (431) esp_image: segment 4: paddr=000e91b0 vaddr=40083b50 size=1406ch ( 82028) load[0m
[0;32mI (477) boot: Loaded app from partition at offset 0x10000[0m
[0;32mI (477) boot: Disabling RNG early entropy source...[0m
[0;32mI (489) cpu_start: Multicore app[0m
[0;32mI (490) cpu_start: Pro cpu up.[0m
[0;32mI (490) cpu_start: Starting app cpu, entry point is 0x400814bc[0m
[0;32mI (0) cpu_start: App cpu up.[0m
[0;32mI (507) cpu_start: Pro cpu start user code[0m
[0;32mI (507) cpu_start: cpu freq: 160000000 Hz[0m
[0;32mI (507) cpu_start: Application information:[0m
[0;32mI (512) cpu_start: Project name:     datn[0m
[0;32mI (516) cpu_start: App version:      d3d9c82-dirty[0m
[0;32mI (522) cpu_start: Compile time:     Dec  6 2024 12:28:26[0m
[0;32mI (528) cpu_start: ELF file SHA256:  66eec0d30c0cd8cd...[0m
[0;32mI (534) cpu_start: ESP-IDF:          v5.1.5-dirty[0m
[0;32mI (539) cpu_start: Min chip rev:     v0.0[0m
[0;32mI (544) cpu_start: Max chip rev:     v3.99 [0m
[0;32mI (549) cpu_start: Chip rev:         v3.1[0m
[0;32mI (554) heap_init: Initializing. RAM available for dynamic allocation:[0m
[0;32mI (561) heap_init: At 3FFAE6E0 len 00001920 (6 KiB): DRAM[0m
[0;32mI (567) heap_init: At 3FFB8C30 len 000273D0 (156 KiB): DRAM[0m
[0;32mI (573) heap_init: At 3FFE0440 len 00003AE0 (14 KiB): D/IRAM[0m
[0;32mI (579) heap_init: At 3FFE4350 len 0001BCB0 (111 KiB): D/IRAM[0m
[0;32mI (586) heap_init: At 40097BBC len 00008444 (33 KiB): IRAM[0m
[0;32mI (594) spi_flash: detected chip: generic[0m
[0;32mI (597) spi_flash: flash io: dio[0m
[0;32mI (601) app_start: Starting scheduler on CPU0[0m
[0;32mI (606) app_start: Starting scheduler on CPU1[0m
[0;32mI (606) main_task: Started on CPU0[0m
[0;32mI (616) main_task: Calling app_main()[0m
[0;32mI (616) gpio: GPIO[12]| InputEn: 0| OutputEn: 1| OpenDrain: 0| Pullup: 0| Pulldown: 1| Intr:0 [0m
[0;32mI (626) gpio: GPIO[13]| InputEn: 0| OutputEn: 1| OpenDrain: 0| Pullup: 0| Pulldown: 1| Intr:0 [0m
[0;32mI (636) gpio: GPIO[14]| InputEn: 0| OutputEn: 1| OpenDrain: 0| Pullup: 0| Pulldown: 1| Intr:0 [0m
[0;32mI (646) gpio: GPIO[26]| InputEn: 0| OutputEn: 1| OpenDrain: 0| Pullup: 0| Pulldown: 1| Intr:0 [0m
[0;32mI (656) gpio: GPIO[33]| InputEn: 0| OutputEn: 1| OpenDrain: 0| Pullup: 0| Pulldown: 1| Intr:0 [0m
[0;32mI (666) gpio: GPIO[25]| InputEn: 1| OutputEn: 0| OpenDrain: 0| Pullup: 0| Pulldown: 1| Intr:0 [0m
[0;32mI (666) gpio: GPIO[27]| InputEn: 1| OutputEn: 0| OpenDrain: 0| Pullup: 0| Pulldown: 1| Intr:0 [0m
[0;32mI (676) gpio: GPIO[32]| InputEn: 1| OutputEn: 0| OpenDrain: 0| Pullup: 0| Pulldown: 1| Intr:0 [0m
[0;32mI (786) wifi:wifi driver task: 3ffc19c8, prio:23, stack:6656, core=0[0m
[0;32mI (796) wifi:wifi firmware version: bbd58fc31[0m
[0;32mI (796) wifi:wifi certification version: v7.0[0m
[0;32mI (796) wifi:config NVS flash: enabled[0m
[0;32mI (796) wifi:config nano formating: disabled[0m
[0;32mI (796) wifi:Init data frame dynamic rx buffer num: 32[0m
[0;32mI (806) wifi:Init static rx mgmt buffer num: 5[0m
[0;32mI (806) wifi:Init management short buffer num: 32[0m
[0;32mI (816) wifi:Init dynamic tx buffer num: 32[0m
[0;32mI (816) wifi:Init static rx buffer size: 1600[0m
[0;32mI (826) wifi:Init static rx buffer num: 10[0m
[0;32mI (826) wifi:Init dynamic rx buffer num: 32[0m
[0;32mI (826) wifi_init: rx ba win: 6[0m
[0;32mI (836) wifi_init: tcpip mbox: 32[0m
[0;32mI (836) wifi_init: udp mbox: 6[0m
[0;32mI (846) wifi_init: tcp mbox: 6[0m
[0;32mI (846) wifi_init: tcp tx win: 5760[0m
[0;32mI (846) wifi_init: tcp rx win: 5760[0m
[0;32mI (856) wifi_init: tcp mss: 1440[0m
[0;32mI (856) wifi_init: WiFi IRAM OP enabled[0m
[0;32mI (866) wifi_init: WiFi RX IRAM OP enabled[0m
[0;32mI (866) phy_init: phy_version 4840,02e0d70,Sep  2 2024,19:39:07[0m
[0;33mW (956) phy_init: saving new calibration data because of checksum failure, mode(0)[0m
[0;32mI (1026) wifi:mode : sta (cc:7b:5c:28:c2:a8)[0m
[0;32mI (1026) wifi:enable tsf[0m
[0;33mW (2026) wifi:Haven't to connect to a suitable AP now![0m
[0;32mI (2026) HTTP_CLIENT: Ch∆∞a k·∫øt n·ªëi Wi-Fi, ƒëang ch·ªù...[0m
[0;32mI (2036) wifi:new:<1,0>, old:<1,0>, ap:<255,255>, sta:<1,0>, prof:1[0m
[0;32mI (2036) wifi:state: init -> auth (b0)[0m
[0;31mE (2036) esp-tls: couldn't get hostname for :broker.hivemq.com: getaddrinfo() returns 202, addrinfo=0x0[0m
[0;31mE (2046) transport_base: Failed to open a new connection: 32769[0m
[0;32mI (2046) wifi:[0;31mE (2046) mqtt_client: Error transport connect[0m[0m
state: auth -> assoc (0)
[0;32mI (2066) wifi:state: assoc -> run (10)[0m
[0;32mI (2166) wifi:connected with BaPhuQuy, aid = 2, channel 1, BW20, bssid = e0:b6:68:22:70:2b[0m
[0;32mI (2166) wifi:security: WPA2-PSK, phy: bgn, rssi: -54[0m
[0;32mI (2166) wifi:pm start, type: 1[0m

[0;32mI (2166) wifi:dp: 1, bi: 102400, li: 3, scale listen interval from 307200 us to 307200 us[0m
[0;32mI (2216) wifi:AP's beacon interval = 102400 us, DTIM period = 1[0m
[0;31mE (3026) esp-tls: [sock=54] connect() error: Host is unreachable[0m
[0;31mE (3026) transport_base: Failed to open a new connection: 32772[0m
[0;31mE (3026) HTTP_CLIENT: Connection failed, sock < 0[0m
[0;32mI (4286) wifi:<ba-add>idx:0 (ifx:0, e0:b6:68:22:70:2b), tid:6, ssn:2, winSize:64[0m
[0;32mI (5186) esp_netif_handlers: sta ip: 192.168.2.17, mask: 255.255.255.0, gw: 192.168.2.253[0m
[0;32mI (8096) wifi:<ba-add>idx:1 (ifx:0, e0:b6:68:22:70:2b), tid:0, ssn:0, winSize:64[0m
[0;33mW (13116) HTTP_CLIENT: Connection timed out before data was ready![0m
Connected to MQTT Broker
[0;32mI (18136) HTTP_CLIENT: HTTP Response: [{"id":1,"full_name":"Tr·∫ßn Qu·ªëc To√†n","student_id":"2014785","position":"sinh vi√™n","email":"toan.tran3112@hcmut.edu.vn","password":"311202","fingerprint":3,"pass_en":1,"fing_en":0,"allowed_days":"","start_time":"00:00:00","end_time":"00:00:00","created_at":"2024-11-28T13:20:09.000Z","updated_at":"2024-12-08T23:36:10.000Z"},{"id":2,"full_name":"Nguy·ªÖn Ti·∫øn Nh·∫≠t","student_id":"2014846","position":"sinh vi√™n","email":"nhat.nguyen@hcmut.edu.vn","password":"55555","fingerprint":6,"pass_en":0,"fing_en":0,"allowed_days":"","start_time":"00:00:00","end_time":"00:00:00","created_at":"2024-11-28T13:20:09.000Z","updated_at":"2024-12-08T23:54:16.000Z"},{"id":3,"full_name":"Tr·ªãnh T·ª± Minh","student_id":"2014113","position":"sinh vi√™n","email":"tu.minh3@hcmut.edu.vn","password":"","fingerprint":0,"pass_en":1,"fing_en":0,"allowed_days":"","start_time":"00:00:00","end_time":"00:00:00","created_at":"2024-11-28T13:20:09.000Z","updated_at":"2024-12-01T21:02:24.000Z"},{"id":4,"full_name":"Tr·∫ßn Anh T√∫","student_id":"2014742","position":"sinh vi√™n","email":"tu.anh@hcmut.edu.vn","password":"","fingerprint":0,"pass_en":1,"fing_en":0,"allowed_days":"","start_time":"00:00:00","end_time":"00:00:00","created_at":"2024-11-28T13:20:09.000Z","updated_at":"2024-12-02T15:29:28.000Z"},{"id":5,"full_name":"ƒê·∫∑ng Ph∆∞·ªõc C∆∞·ªùng","student_id":"2014664","position":"sinh vi√™n","email":"dang.cuong@hcmut.edu.vn","password":"030802","fingerprint":0,"pass_en":1,"fing_en":0,"allowed_days":"","start_time":"00:00:00","end_time":"00:00:00","created_at":"2024-11-28T13:20:09.000Z","updated_at":"2024-12-01T20:50:15.000Z"},{"id":8,"full_name":"Nguy·ªÖn VƒÉn Linh ","student_id":"2011540","position":"sinh vi√™n","email":"linh.n@hcmut.edu.vn","password":"123","fingerprint":7,"pass_en":1,"fing_en":1,"allowed_days":"","start_time":"00:00:00","end_time":"00:00:00","created_at":"2024-12-10T06:44:59.000Z","updated_at":"2024-12-10T06:49:29.000Z"},{"id":11,"full_name":"Tr·∫ßn VƒÉn B","student_id":"2014999","position":"sinh vi√™n","email":"trmp@hcmut.edu.vn","password":"6666","fingerprint":4,"pass_en":0,"fing_en":0,"allowed_days":"","start_time":"00:00:00","end_time":"00:00:00","created_at":"2024-12-10T08:51:41.000Z","updated_at":"2024-12-19T14:49:40.000Z"}][0m
[0;32mI (18326) HTTP_CLIENT: Stored student: [0m
[0;32mI (18326) HTTP_CLIENT: Stored student: [0m
[0;32mI (18336) HTTP_CLIENT: Stored student: [0m
[0;32mI (18336) HTTP_CLIENT: Stored student: [0m
[0;32mI (18346) HTTP_CLIENT: Stored student: [0m
[0;32mI (18346) HTTP_CLIENT: Stored student: [0m
[0;32mI (18356) HTTP_CLIENT: Stored student: [0m
--NH·∫¨P M√É S·ªê SINH VI√äN-- 
[0;33mW (28396) HTTP_CLIENT: Connection timed out before data was ready![0m
2 
1 
[0;33mW (38416) HTTP_CLIENT: Connection timed out before data was ready![0m
3 
ÔøΩÔøΩÔøΩÔøΩÔøΩÔøΩÔøΩÔøΩÔøΩÔøΩÔøΩÔøΩÔøΩÔøΩÔøΩÔøΩÔøΩÔøΩÔøΩÔøΩÔøΩÔøΩÔøΩÔøΩÔøΩÔøΩÔøΩÔøΩÔøΩÔøΩÔøΩÔøΩÔøΩÔøΩÔøΩÔøΩÔøΩÔøΩÔøΩÔøΩÔøΩÔøΩÔøΩÔøΩÔøΩÔøΩÔøΩÔøΩÔøΩÔøΩÔøΩÔøΩÔøΩÔøΩÔøΩÔøΩÔøΩÔøΩÔøΩÔøΩÔøΩÔøΩÔøΩÔøΩ;33mW (48436) HTTP_CLIENT: Connection timed out before data was ready![0m
[0;33mW (58456) HTTP_CLIENT: Connection timed out before data was ready![0m
[0;33mW (68476) HTTP_CLIENT: Connection timed out before data was ready![0m
[0;33mW (78496) HTTP_CLIENT: Connection timed out before data was ready![0m
[0;33mW (88556) HTTP_CLIENT: Connection timed out before data was ready![0m
[0;33mW (98596) HTTP_CLIENT: Connection timed out before data was ready![0m
[0;33mW (108616) HTTP_CLIENT: Connection timed out before data was ready![0m
[0;33mW (118656) HTTP_CLIENT: Connection timed out before data was ready![0m
[0;33mW (128676) HTTP_CLIENT: Connection timed out before data was ready![0m
[0;33mW (138696) HTTP_CLIENT: Connection timed out before data was ready![0m
[0;33mW (148746) HTTP_CLIENT: Connection timed out before data was ready![0m
[0;33mW (158776) HTTP_CLIENT: Connection timed out before data was ready![0m
[0;33mW (168796) HTTP_CLIENT: Connection timed out before data was ready![0m
[0;33mW (178816) HTTP_CLIENT: Connection timed out before data was ready![0m
[0;33mW (188836) HTTP_CLIENT: Connection timed out before data was ready![0m
[0;33mW (198876) HTTP_CLIENT: Connection timed out before data was ready![0m
[0;33mW (208896) HTTP_CLIENT: Connection timed out before data was ready![0m
[0;33mW (218916) HTTP_CLIENT: Connection timed out before data was ready![0m
[0;33mW (228936) HTTP_CLIENT: Connection timed out before data was ready![0m
[0;33mW (238956) HTTP_CLIENT: Connection timed out before data was ready![0m
[0;33mW (248976) HTTP_CLIENT: Connection timed out before data was ready![0m
[0;33mW (259146) HTTP_CLIENT: Connection timed out before data was ready![0m
[0;33mW (269186) HTTP_CLIENT: Connection timed out before data was ready![0m
[0;33mW (279206) HTTP_CLIENT: Connection timed out before data was ready![0m
[0;33mW (289246) HTTP_CLIENT: Connection timed out before data was ready![0m
[0;33mW (299266) HTTP_CLIENT: Connection timed out before data was ready![0m
[0;33mW (309306) HTTP_CLIENT: Connection timed out before data was ready![0m
[0;33mW (319326) HTTP_CLIENT: Connection timed out before data was ready![0m
[0;33mW (329346) HTTP_CLIENT: Connection timed out before data was ready![0m
[0;33mW (339366) HTTP_CLIENT: Connection timed out before data was ready![0m
[0;33mW (349396) HTTP_CLIENT: Connection timed out before data was ready![0m
[0;33mW (359426) HTTP_CLIENT: Connection timed out before data was ready![0m
[0;33mW (369446) HTTP_CLIENT: Connection timed out before data was ready![0m
[0;33mW (379466) HTTP_CLIENT: Connection timed out before data was ready![0m
[0;33mW (389486) HTTP_CLIENT: Connection timed out before data was ready![0m
[0;33mW (399516) HTTP_CLIENT: Connection timed out before data was ready![0m
[0;33mW (409536) HTTP_CLIENT: Connection timed out before data was ready![0m
[0;33mW (419556) HTTP_CLIENT: Connection timed out before data was ready![0m
