ets Jul 29 2019 12:21:46

rst:0x1 (POWERON_RESET),boot:0x13 (SPI_FAST_FLASH_BOOT)
configsip: 0, SPIWP:0xee
clk_drv:0x00,q_drv:0x00,d_drv:0x00,cs0_drv:0x00,hd_drv:0x00,wp_drv:0x00
mode:DIO, clock div:2
load:0x3fff0030,len:7116
ho 0 tail 12 room 4
load:0x40078000,len:15624
ho 0 tail 12 room 4
load:0x40080400,len:4
load:0x40080404,len:3876
entry 0x4008064c
[0;32mI (33) boot: ESP-IDF v5.1.5-dirty 2nd stage bootloader[0m
[0;32mI (33) boot: compile time Nov 21 2024 21:08:18[0m
[0;32mI (33) boot: Multicore bootloader[0m
[0;32mI (38) boot: chip revision: v3.1[0m
[0;32mI (42) boot.esp32: SPI Speed      : 40MHz[0m
[0;32mI (46) boot.esp32: SPI Mode       : DIO[0m
[0;32mI (51) boot.esp32: SPI Flash Size : 4MB[0m
[0;32mI (55) boot: Enabling RNG early entropy source...[0m
[0;32mI (61) boot: Partition Table:[0m
[0;32mI (64) boot: ## Label            Usage          Type ST Offset   Length[0m
[0;32mI (72) boot:  0 nvs              WiFi data        01 02 00009000 00006000[0m
[0;32mI (79) boot:  1 phy_init         RF data          01 01 0000f000 00001000[0m
[0;32mI (86) boot:  2 factory          factory app      00 00 00010000 00100000[0m
[0;32mI (94) boot: End of partition table[0m
[0;32mI (98) esp_image: segment 0: paddr=00010020 vaddr=3f400020 size=27f10h (163600) map[0m
[0;32mI (166) esp_image: segment 1: paddr=00037f38 vaddr=3ffb0000 size=03c68h ( 15464) load[0m
[0;32mI (172) esp_image: segment 2: paddr=0003bba8 vaddr=40080000 size=04470h ( 17520) load[0m
[0;32mI (180) esp_image: segment 3: paddr=00040020 vaddr=400d0020 size=a7798h (685976) map[0m
[0;32mI (428) esp_image: segment 4: paddr=000e77c0 vaddr=40084470 size=130a4h ( 77988) load[0m
[0;32mI (472) boot: Loaded app from partition at offset 0x10000[0m
[0;32mI (472) boot: Disabling RNG early entropy source...[0m
[0;32mI (483) cpu_start: Multicore app[0m
[0;32mI (484) cpu_start: Pro cpu up.[0m
[0;32mI (485) cpu_start: Starting app cpu, entry point is 0x40081484[0m
[0;32mI (0) cpu_start: App cpu up.[0m
[0;32mI (502) cpu_start: Pro cpu start user code[0m
[0;32mI (502) cpu_start: cpu freq: 160000000 Hz[0m
[0;32mI (502) cpu_start: Application information:[0m
[0;32mI (506) cpu_start: Project name:     datn[0m
[0;32mI (511) cpu_start: App version:      d3d9c82-dirty[0m
[0;32mI (517) cpu_start: Compile time:     Dec  6 2024 12:28:26[0m
[0;32mI (523) cpu_start: ELF file SHA256:  1cdd888b37f4e620...[0m
[0;32mI (529) cpu_start: ESP-IDF:          v5.1.5-dirty[0m
[0;32mI (534) cpu_start: Min chip rev:     v0.0[0m
[0;32mI (539) cpu_start: Max chip rev:     v3.99 [0m
[0;32mI (544) cpu_start: Chip rev:         v3.1[0m
[0;32mI (549) heap_init: Initializing. RAM available for dynamic allocation:[0m
[0;32mI (556) heap_init: At 3FFAE6E0 len 00001920 (6 KiB): DRAM[0m
[0;32mI (562) heap_init: At 3FFB8BF8 len 00027408 (157 KiB): DRAM[0m
[0;32mI (568) heap_init: At 3FFE0440 len 00003AE0 (14 KiB): D/IRAM[0m
[0;32mI (574) heap_init: At 3FFE4350 len 0001BCB0 (111 KiB): D/IRAM[0m
[0;32mI (581) heap_init: At 40097514 len 00008AEC (34 KiB): IRAM[0m
[0;32mI (588) spi_flash: detected chip: generic[0m
[0;32mI (591) spi_flash: flash io: dio[0m
[0;32mI (596) app_start: Starting scheduler on CPU0[0m
[0;32mI (601) app_start: Starting scheduler on CPU1[0m
[0;32mI (601) main_task: Started on CPU0[0m
[0;32mI (611) main_task: Calling app_main()[0m
[0;32mI (611) gpio: GPIO[12]| InputEn: 0| OutputEn: 1| OpenDrain: 0| Pullup: 0| Pulldown: 1| Intr:0 [0m
[0;32mI (621) gpio: GPIO[13]| InputEn: 0| OutputEn: 1| OpenDrain: 0| Pullup: 0| Pulldown: 1| Intr:0 [0m
[0;32mI (631) gpio: GPIO[14]| InputEn: 0| OutputEn: 1| OpenDrain: 0| Pullup: 0| Pulldown: 1| Intr:0 [0m
[0;32mI (641) gpio: GPIO[26]| InputEn: 0| OutputEn: 1| OpenDrain: 0| Pullup: 0| Pulldown: 1| Intr:0 [0m
[0;32mI (651) gpio: GPIO[33]| InputEn: 0| OutputEn: 1| OpenDrain: 0| Pullup: 0| Pulldown: 1| Intr:0 [0m
[0;32mI (661) gpio: GPIO[25]| InputEn: 1| OutputEn: 0| OpenDrain: 0| Pullup: 0| Pulldown: 1| Intr:0 [0m
[0;32mI (661) gpio: GPIO[27]| InputEn: 1| OutputEn: 0| OpenDrain: 0| Pullup: 0| Pulldown: 1| Intr:0 [0m
[0;32mI (671) gpio: GPIO[32]| InputEn: 1| OutputEn: 0| OpenDrain: 0| Pullup: 0| Pulldown: 1| Intr:0 [0m
[0;32mI (721) wifi:wifi driver task: 3ffc18d0, prio:23, stack:6656, core=0[0m
[0;32mI (731) wifi:wifi firmware version: bbd58fc31[0m
[0;32mI (731) wifi:wifi certification version: v7.0[0m
[0;32mI (731) wifi:config NVS flash: enabled[0m
[0;32mI (731) wifi:config nano formating: disabled[0m
[0;32mI (731) wifi:Init data frame dynamic rx buffer num: 32[0m
[0;32mI (741) wifi:Init static rx mgmt buffer num: 5[0m
[0;32mI (741) wifi:Init management short buffer num: 32[0m
[0;32mI (751) wifi:Init dynamic tx buffer num: 32[0m
[0;32mI (751) wifi:Init static rx buffer size: 1600[0m
[0;32mI (761) wifi:Init static rx buffer num: 10[0m
[0;32mI (761) wifi:Init dynamic rx buffer num: 32[0m
[0;32mI (761) wifi_init: rx ba win: 6[0m
[0;32mI (771) wifi_init: tcpip mbox: 32[0m
[0;32mI (771) wifi_init: udp mbox: 6[0m
[0;32mI (781) wifi_init: tcp mbox: 6[0m
[0;32mI (781) wifi_init: tcp tx win: 5760[0m
[0;32mI (781) wifi_init: tcp rx win: 5760[0m
[0;32mI (791) wifi_init: tcp mss: 1440[0m
[0;32mI (791) wifi_init: WiFi IRAM OP enabled[0m
[0;32mI (801) wifi_init: WiFi RX IRAM OP enabled[0m
[0;32mI (801) phy_init: phy_version 4840,02e0d70,Sep  2 2024,19:39:07[0m
[0;32mI (891) wifi:mode : sta (cc:7b:5c:28:c2:a8)[0m
[0;32mI (891) wifi:enable tsf[0m
[0;33mW (1891) wifi:Haven't to connect to a suitable AP now![0m
[0;32mI (1891) HTTP_CLIENT: Ch∆∞a k·∫øt n·ªëi Wi-Fi, ƒëang ch·ªù...[0m
[0;32mI (1891) wifi:new:<1,0>, old:<1,0>, ap:<255,255>, sta:<1,0>, prof:1[0m
[0;32mI (1901) wifi:state: init -> auth (b0)[0m
[0;31mE (1901) esp-tls: couldn't get hostname for :broker.hivemq.com: getaddrinfo() returns 202, addrinfo=0x0[0m
[0;31mE (1911) transport_base: Failed to open a new connection: 32769[0m
[0;32mI (1911) wifi:[0;31mE (1911) mqtt_client: Error transport connect[0m[0m
state: auth -> assoc (0)
[0;32mI (1931) wifi:state: assoc -> run (10)[0m
[0;31mE (2891) esp-tls: [sock=54] connect() error: Host is unreachable[0m
[0;31mE (2891) transport_base: Failed to open a new connection: 32772[0m
[0;31mE (2891) HTTP_CLIENT: Connection failed, sock < 0[0m
ÔøΩÔøΩÔøΩÔøΩÔøΩÔøΩÔøΩÔøΩÔøΩÔøΩÔøΩÔøΩÔøΩÔøΩÔøΩÔøΩÔøΩÔøΩÔøΩÔøΩÔøΩÔøΩÔøΩÔøΩÔøΩÔøΩÔøΩÔøΩÔøΩÔøΩÔøΩÔøΩÔøΩÔøΩÔøΩÔøΩÔøΩÔøΩÔøΩÔøΩÔøΩÔøΩÔøΩÔøΩÔøΩÔøΩÔøΩÔøΩÔøΩÔøΩÔøΩÔøΩÔøΩÔøΩÔøΩÔøΩÔøΩÔøΩÔøΩÔøΩÔøΩÔøΩÔøΩÔøΩ0;31mE (7901) esp-tls: [sock=54] connect() error: Host is unreachable[0m
[0;31mE (7901) transport_base: Failed to open a new connection: 32772[0m
[0;31mE (7901) HTTP_CLIENT: Connection failed, sock < 0[0m
[0;32mI (11041) wifi:state: run -> init (fc0)[0m
[0;32mI (11051) wifi:new:<1,0>, old:<1,0>, ap:<255,255>, sta:<1,0>, prof:1[0m
[0;33mW (12911) wifi:Haven't to connect to a suitable AP now![0m
[0;32mI (12911) HTTP_CLIENT: Ch∆∞a k·∫øt n·ªëi Wi-Fi, ƒëang ch·ªù...[0m
[0;33mW (13911) wifi:Haven't to connect to a suitable AP now![0m
[0;32mI (13911) HTTP_CLIENT: Ch∆∞a k·∫øt n·ªëi Wi-Fi, ƒëang ch·ªù...[0m
[0;33mW (14911) wifi:Haven't to connect to a suitable AP now![0m
[0;32mI (14911) HTTP_CLIENT: Ch∆∞a k·∫øt n·ªëi Wi-Fi, ƒëang ch·ªù...[0m
[0;33mW (15911) wifi:Haven't to connect to a suitable AP now![0m
[0;32mI (15911) HTTP_CLIENT: Ch∆∞a k·∫øt n·ªëi Wi-Fi, ƒëang ch·ªù...[0m
ets Jul 29 2019 12:21:46

rst:0x1 (POWERON_RESET),boot:0x13 (SPI_FAST_FLASH_BOOT)
configsip: 0, SPIWP:0xee
clk_drv:0x00,q_drv:0x00,d_drv:0x00,cs0_drv:0x00,hd_drv:0x00,wp_drv:0x00
mode:DIO, clock div:2
load:0x3fff0030,len:7116
ho 0 tail 12 room 4
load:0x40078000,len:15624
ho 0 tail 12 room 4
load:0x40080400,len:4
load:0x40080404,len:3876
entry 0x4008064c
[0;32mI (33) boot: ESP-IDF v5.1.5-dirty 2nd stage bootloader[0m
[0;32mI (33) boot: compile time Nov 21 2024 21:08:18[0m
[0;32mI (33) boot: Multicore bootloader[0m
[0;32mI (38) boot: chip revision: v3.1[0m
[0;32mI (42) boot.esp32: SPI Speed      : 40MHz[0m
[0;32mI (46) boot.esp32: SPI Mode       : DIO[0m
[0;32mI (51) boot.esp32: SPI Flash Size : 4MB[0m
[0;32mI (55) boot: Enabling RNG early entropy source...[0m
[0;32mI (61) boot: Partition Table:[0m
[0;32mI (64) boot: ## Label            Usage          Type ST Offset   Length[0m
[0;32mI (72) boot:  0 nvs              WiFi data        01 02 00009000 00006000[0m
[0;32mI (79) boot:  1 phy_init         RF data          01 01 0000f000 00001000[0m
[0;32mI (86) boot:  2 factory          factory app      00 00 00010000 00100000[0m
[0;32mI (94) boot: End of partition table[0m
[0;32mI (98) esp_image: segment 0: paddr=00010020 vaddr=3f400020 size=27f10h (163600) map[0m
[0;32mI (166) esp_image: segment 1: paddr=00037f38 vaddr=3ffb0000 size=03c68h ( 15464) load[0m
[0;32mI (172) esp_image: segment 2: paddr=0003bba8 vaddr=40080000 size=04470h ( 17520) load[0m
[0;32mI (180) esp_image: segment 3: paddr=00040020 vaddr=400d0020 size=a7798h (685976) map[0m
[0;32mI (428) esp_image: segment 4: paddr=000e77c0 vaddr=40084470 size=130a4h ( 77988) load[0m
[0;32mI (472) boot: Loaded app from partition at offset 0x10000[0m
[0;32mI (472) boot: Disabling RNG early entropy source...[0m
[0;32mI (483) cpu_start: Multicore app[0m
[0;32mI (484) cpu_start: Pro cpu up.[0m
[0;32mI (485) cpu_start: Starting app cpu, entry point is 0x40081484[0m
[0;32mI (0) cpu_start: App cpu up.[0m
[0;32mI (502) cpu_start: Pro cpu start user code[0m
[0;32mI (502) cpu_start: cpu freq: 160000000 Hz[0m
[0;32mI (502) cpu_start: Application information:[0m
[0;32mI (506) cpu_start: Project name:     datn[0m
[0;32mI (511) cpu_start: App version:      d3d9c82-dirty[0m
[0;32mI (517) cpu_start: Compile time:     Dec  6 2024 12:28:26[0m
[0;32mI (523) cpu_start: ELF file SHA256:  1cdd888b37f4e620...[0m
[0;32mI (529) cpu_start: ESP-IDF:          v5.1.5-dirty[0m
[0;32mI (534) cpu_start: Min chip rev:     v0.0[0m
[0;32mI (539) cpu_start: Max chip rev:     v3.99 [0m
[0;32mI (544) cpu_start: Chip rev:         v3.1[0m
[0;32mI (549) heap_init: Initializing. RAM available for dynamic allocation:[0m
[0;32mI (556) heap_init: At 3FFAE6E0 len 00001920 (6 KiB): DRAM[0m
[0;32mI (562) heap_init: At 3FFB8BF8 len 00027408 (157 KiB): DRAM[0m
[0;32mI (568) heap_init: At 3FFE0440 len 00003AE0 (14 KiB): D/IRAM[0m
[0;32mI (574) heap_init: At 3FFE4350 len 0001BCB0 (111 KiB): D/IRAM[0m
[0;32mI (581) heap_init: At 40097514 len 00008AEC (34 KiB): IRAM[0m
[0;32mI (588) spi_flash: detected chip: generic[0m
[0;32mI (591) spi_flash: flash io: dio[0m
[0;32mI (596) app_start: Starting scheduler on CPU0[0m
[0;32mI (601) app_start: Starting scheduler on CPU1[0m
[0;32mI (601) main_task: Started on CPU0[0m
[0;32mI (611) main_task: Calling app_main()[0m
[0;32mI (611) gpio: GPIO[12]| InputEn: 0| OutputEn: 1| OpenDrain: 0| Pullup: 0| Pulldown: 1| Intr:0 [0m
[0;32mI (621) gpio: GPIO[13]| InputEn: 0| OutputEn: 1| OpenDrain: 0| Pullup: 0| Pulldown: 1| Intr:0 [0m
[0;32mI (631) gpio: GPIO[14]| InputEn: 0| OutputEn: 1| OpenDrain: 0| Pullup: 0| Pulldown: 1| Intr:0 [0m
[0;32mI (641) gpio: GPIO[26]| InputEn: 0| OutputEn: 1| OpenDrain: 0| Pullup: 0| Pulldown: 1| Intr:0 [0m
[0;32mI (651) gpio: GPIO[33]| InputEn: 0| OutputEn: 1| OpenDrain: 0| Pullup: 0| Pulldown: 1| Intr:0 [0m
[0;32mI (661) gpio: GPIO[25]| InputEn: 1| OutputEn: 0| OpenDrain: 0| Pullup: 0| Pulldown: 1| Intr:0 [0m
[0;32mI (661) gpio: GPIO[27]| InputEn: 1| OutputEn: 0| OpenDrain: 0| Pullup: 0| Pulldown: 1| Intr:0 [0m
[0;32mI (671) gpio: GPIO[32]| InputEn: 1| OutputEn: 0| OpenDrain: 0| Pullup: 0| Pulldown: 1| Intr:0 [0m
[0;32mI (721) wifi:wifi driver task: 3ffc18d0, prio:23, stack:6656, core=0[0m
[0;32mI (731) wifi:wifi firmware version: bbd58fc31[0m
[0;32mI (731) wifi:wifi certification version: v7.0[0m
[0;32mI (731) wifi:config NVS flash: enabled[0m
[0;32mI (731) wifi:config nano formating: disabled[0m
[0;32mI (731) wifi:Init data frame dynamic rx buffer num: 32[0m
[0;32mI (741) wifi:Init static rx mgmt buffer num: 5[0m
[0;32mI (741) wifi:Init management short buffer num: 32[0m
[0;32mI (751) wifi:Init dynamic tx buffer num: 32[0m
[0;32mI (751) wifi:Init static rx buffer size: 1600[0m
[0;32mI (761) wifi:Init static rx buffer num: 10[0m
[0;32mI (761) wifi:Init dynamic rx buffer num: 32[0m
[0;32mI (761) wifi_init: rx ba win: 6[0m
[0;32mI (771) wifi_init: tcpip mbox: 32[0m
[0;32mI (771) wifi_init: udp mbox: 6[0m
[0;32mI (781) wifi_init: tcp mbox: 6[0m
[0;32mI (781) wifi_init: tcp tx win: 5760[0m
[0;32mI (781) wifi_init: tcp rx win: 5760[0m
[0;32mI (791) wifi_init: tcp mss: 1440[0m
[0;32mI (791) wifi_init: WiFi IRAM OP enabled[0m
[0;32mI (801) wifi_init: WiFi RX IRAM OP enabled[0m
[0;32mI (801) phy_init: phy_version 4840,02e0d70,Sep  2 2024,19:39:07[0m
[0;32mI (891) wifi:mode : sta (cc:7b:5c:28:c2:a8)[0m
[0;32mI (891) wifi:enable tsf[0m
[0;33mW (1891) wifi:Haven't to connect to a suitable AP now![0m
[0;32mI (1891) HTTP_CLIENT: Ch∆∞a k·∫øt n·ªëi Wi-Fi, ƒëang ch·ªù...[0m
[0;32mI (1891) wifi:new:<1,0>, old:<1,0>, ap:<255,255>, sta:<1,0>, prof:1[0m
[0;32mI (1901) wifi:state: init -> auth (b0)[0m
[0;31mE (1901) esp-tls: couldn't get hostname for :broker.hivemq.com: getaddrinfo() returns 202, addrinfo=0x0[0m
[0;31mE (1911) transport_base: Failed to open a new connection: 32769[0m
[0;32mI (1911) wifi:[0;31mE (1911) mqtt_client: Error transport connect[0m[0m
state: auth -> assoc (0)
[0;32mI (1931) wifi:state: assoc -> run (10)[0m
[0;32mI (2041) wifi:connected with BaPhuQuy, aid = 2, channel 1, BW20, bssid = e0:b6:68:22:70:2b[0m
[0;32mI (2041) wifi:security: WPA2-PSK, phy: bgn, rssi: -54[0m
[0;32mI (2041) wifi:pm start, type: 1[0m

[0;32mI (2041) wifi:dp: 1, bi: 102400, li: 3, scale listen interval from 307200 us to 307200 us[0m
[0;32mI (2081) wifi:AP's beacon interval = 102400 us, DTIM period = 1[0m
[0;31mE (2891) esp-tls: [sock=54] connect() error: Host is unreachable[0m
[0;31mE (2891) transport_base: Failed to open a new connection: 32772[0m
[0;31mE (2891) HTTP_CLIENT: Connection failed, sock < 0[0m
[0;32mI (4131) wifi:<ba-add>idx:0 (ifx:0, e0:b6:68:22:70:2b), tid:6, ssn:2, winSize:64[0m
[0;32mI (5551) esp_netif_handlers: sta ip: 192.168.2.17, mask: 255.255.255.0, gw: 192.168.2.253[0m
[0;32mI (7961) wifi:<ba-add>idx:1 (ifx:0, e0:b6:68:22:70:2b), tid:0, ssn:1, winSize:64[0m
[0;33mW (12971) HTTP_CLIENT: Connection timed out before data was ready![0m
Connected to MQTT Broker
[0;33mW (23001) HTTP_CLIENT: Connection timed out before data was ready![0m
[0;33mW (33021) HTTP_CLIENT: Connection timed out before data was ready![0m
[0;32mI (38041) HTTP_CLIENT: HTTP Response: [{"id":1,"full_name":"Tr·∫ßn Qu·ªëc To√†n","student_id":"2014785","position":"sinh vi√™n","email":"toan.tran3112@hcmut.edu.vn","password":"311202","fingerprint":3,"pass_en":1,"fing_en":0,"allowed_days":"","start_time":"00:00:00","end_time":"00:00:00","created_at":"2024-11-28T13:20:09.000Z","updated_at":"2024-12-08T23:36:10.000Z"},{"id":2,"full_name":"Nguy·ªÖn Ti·∫øn Nh·∫≠t","student_id":"2014846","position":"sinh vi√™n","email":"nhat.nguyen@hcmut.edu.vn","password":"55555","fingerprint":6,"pass_en":0,"fing_en":0,"allowed_days":"","start_time":"00:00:00","end_time":"00:00:00","created_at":"2024-11-28T13:20:09.000Z","updated_at":"2024-12-08T23:54:16.000Z"},{"id":3,"full_name":"Tr·ªãnh T·ª± Minh","student_id":"2014113","position":"sinh vi√™n","email":"tu.minh3@hcmut.edu.vn","password":"","fingerprint":0,"pass_en":1,"fing_en":0,"allowed_days":"","start_time":"00:00:00","end_time":"00:00:00","created_at":"2024-11-28T13:20:09.000Z","updated_at":"2024-12-01T21:02:24.000Z"},{"id":4,"full_name":"Tr·∫ßn Anh T√∫","student_id":"2014742","position":"sinh vi√™n","email":"tu.anh@hcmut.edu.vn","password":"","fingerprint":0,"pass_en":1,"fing_en":0,"allowed_days":"","start_time":"00:00:00","end_time":"00:00:00","created_at":"2024-11-28T13:20:09.000Z","updated_at":"2024-12-02T15:29:28.000Z"},{"id":5,"full_name":"ƒê·∫∑ng Ph∆∞·ªõc C∆∞·ªùng","student_id":"2014664","position":"sinh vi√™n","email":"dang.cuong@hcmut.edu.vn","password":"030802","fingerprint":0,"pass_en":1,"fing_en":0,"allowed_days":"","start_time":"00:00:00","end_time":"00:00:00","created_at":"2024-11-28T13:20:09.000Z","updated_at":"2024-12-01T20:50:15.000Z"},{"id":8,"full_name":"Nguy·ªÖn VƒÉn Linh ","student_id":"2011540","position":"sinh vi√™n","email":"linh.n@hcmut.edu.vn","password":"123","fingerprint":7,"pass_en":1,"fing_en":1,"allowed_days":"","start_time":"00:00:00","end_time":"00:00:00","created_at":"2024-12-10T06:44:59.000Z","updated_at":"2024-12-10T06:49:29.000Z"},{"id":11,"full_name":"Tr·∫ßn VƒÉn B","student_id":"2014999","position":"sinh vi√™n","email":"trmp@hcmut.edu.vn","password":"6666","fingerprint":4,"pass_en":0,"fing_en":0,"allowed_days":"","start_time":"00:00:00","end_time":"00:00:00","created_at":"2024-12-10T08:51:41.000Z","updated_at":"2024-12-19T14:49:40.000Z"}][0m
[0;32mI (38241) HTTP_CLIENT: Stored student: [0m
[0;32mI (38241) HTTP_CLIENT: Stored student: [0m
[0;32mI (38241) HTTP_CLIENT: Stored student: [0m
[0;32mI (38251) HTTP_CLIENT: Stored student: [0m
[0;32mI (38251) HTTP_CLIENT: Stored student: [0m
[0;32mI (38261) HTTP_CLIENT: Stored student: [0m
[0;32mI (38261) HTTP_CLIENT: Stored student: [0m
ÔøΩÔøΩÔøΩÔøΩÔøΩÔøΩÔøΩÔøΩÔøΩÔøΩÔøΩÔøΩÔøΩÔøΩÔøΩÔøΩÔøΩÔøΩÔøΩÔøΩÔøΩÔøΩÔøΩÔøΩÔøΩÔøΩÔøΩÔøΩÔøΩÔøΩÔøΩÔøΩÔøΩÔøΩÔøΩÔøΩÔøΩÔøΩÔøΩÔøΩÔøΩÔøΩÔøΩÔøΩÔøΩÔøΩÔøΩÔøΩÔøΩÔøΩÔøΩÔøΩÔøΩÔøΩÔøΩÔøΩÔøΩÔøΩÔøΩÔøΩÔøΩÔøΩÔøΩÔøΩ;33mW (48291) HTTP_CLIENT: Connection timed out before data was ready![0m
--NH·∫¨P M√É S·ªê SINH VI√äN-- 
[0;33mW (58321) HTTP_CLIENT: Connection timed out before data was ready![0m
[0;33mW (68341) HTTP_CLIENT: Connection timed out before data was ready![0m
[0;33mW (78371) HTTP_CLIENT: Connection timed out before data was ready![0m
[0;33mW (88391) HTTP_CLIENT: Connection timed out before data was ready![0m
[0;33mW (98411) HTTP_CLIENT: Connection timed out before data was ready![0m
8 
[0;33mW (108431) HTTP_CLIENT: Connection timed out before data was ready![0m
8 
8 
ÔøΩÔøΩÔøΩÔøΩÔøΩÔøΩÔøΩÔøΩÔøΩÔøΩÔøΩÔøΩÔøΩÔøΩÔøΩÔøΩÔøΩÔøΩÔøΩÔøΩÔøΩÔøΩÔøΩÔøΩÔøΩÔøΩÔøΩÔøΩÔøΩÔøΩÔøΩÔøΩÔøΩÔøΩÔøΩÔøΩÔøΩÔøΩÔøΩÔøΩÔøΩÔøΩÔøΩÔøΩÔøΩÔøΩÔøΩÔøΩÔøΩÔøΩÔøΩÔøΩÔøΩÔøΩÔøΩÔøΩÔøΩÔøΩÔøΩÔøΩÔøΩÔøΩÔøΩÔøΩ0;33mW (118451) HTTP_CLIENT: Connection timed out before data was ready![0m
[0;33mW (128471) HTTP_CLIENT: Connection timed out before data was ready![0m
[0;33mW (138491) HTTP_CLIENT: Connection timed out before data was ready![0m
[0;33mW (148521) HTTP_CLIENT: Connection timed out before data was ready![0m
[0;33mW (158541) HTTP_CLIENT: Connection timed out before data was ready![0m
[0;33mW (168561) HTTP_CLIENT: Connection timed out before data was ready![0m
[0;33mW (178581) HTTP_CLIENT: Connection timed out before data was ready![0m
[0;33mW (188601) HTTP_CLIENT: Connection timed out before data was ready![0m
[0;33mW (198621) HTTP_CLIENT: Connection timed out before data was ready![0m
[0;33mW (208651) HTTP_CLIENT: Connection timed out before data was ready![0m
4 
4 
[0;33mW (218671) HTTP_CLIENT: Connection timed out before data was ready![0m
[0;33mW (228701) HTTP_CLIENT: Connection timed out before data was ready![0m
[0;33mW (238751) HTTP_CLIENT: Connection timed out before data was ready![0m
[0;33mW (248771) HTTP_CLIENT: Connection timed out before data was ready![0m
[0;33mW (258801) HTTP_CLIENT: Connection timed out before data was ready![0m
